[0m14:56:18.343736 [debug] [MainThread]: Sending event: {'category': 'dbt', 'action': 'invocation', 'label': 'start', 'context': [<snowplow_tracker.self_describing_json.SelfDescribingJson object at 0x000002059DB94590>, <snowplow_tracker.self_describing_json.SelfDescribingJson object at 0x000002059B0FCB90>, <snowplow_tracker.self_describing_json.SelfDescribingJson object at 0x00000205A00AFB10>]}


============================== 14:56:18.350583 | fd100b28-24d3-4ef7-bb1d-cc18fc00c96b ==============================
[0m14:56:18.350583 [info ] [MainThread]: Running with dbt=1.12.0
[0m14:56:18.351427 [debug] [MainThread]: running dbt with arguments {'static_parser': 'True', 'no_print': 'None', 'maximum_seed_size_mib': '1', 'target_path': 'None', 'version_check': 'True', 'warn_error_options': 'WarnErrorOptionsV2(error=[], warn=[], silence=[])', 'printer_width': '80', 'write_json': 'True', 'introspect': 'True', 'log_cache_events': 'False', 'empty': 'None', 'cache_selected_only': 'False', 'fail_fast': 'False', 'debug': 'False', 'log_format': 'default', 'profiles_dir': 'C:\\Users\\hamad\\.dbt', 'send_anonymous_usage_stats': 'True', 'quiet': 'False', 'warn_error': 'None', 'partial_parse': 'True', 'invocation_command': 'dbt debug', 'hints_enabled': 'True', 'indirect_selection': 'eager', 'use_experimental_parser': 'False', 'use_colors': 'True', 'log_path': 'E:\\northwind project\\Northwind_Dimensional_Modeling\\logs'}
[0m14:56:18.410237 [info ] [MainThread]: dbt version: 1.12.0
[0m14:56:18.411509 [info ] [MainThread]: python version: 3.14.6
[0m14:56:18.412219 [info ] [MainThread]: python path: E:\northwind project\dbt-env\Scripts\python.exe
[0m14:56:18.413079 [info ] [MainThread]: os info: Windows-11-10.0.26200-SP0
[0m14:56:19.657770 [debug] [MainThread]: Snowflake adapter: Setting snowflake.connector to ERROR (file logging only)
[0m14:56:19.658616 [debug] [MainThread]: Snowflake adapter: Setting botocore to ERROR (file logging only)
[0m14:56:19.659417 [debug] [MainThread]: Snowflake adapter: Setting boto3 to ERROR (file logging only)
[0m14:56:23.002958 [debug] [MainThread]: Snowflake adapter: Replaced underscores (_) with hyphens (-) in Snowflake account name to form a valid account URL.
[0m14:56:23.008867 [info ] [MainThread]: Using profiles dir at C:\Users\hamad\.dbt
[0m14:56:23.009708 [info ] [MainThread]: Using profiles.yml file at C:\Users\hamad\.dbt\profiles.yml
[0m14:56:23.010356 [info ] [MainThread]: Using dbt_project.yml file at E:\northwind project\Northwind_Dimensional_Modeling\dbt_project.yml
[0m14:56:23.011835 [info ] [MainThread]: adapter type: snowflake
[0m14:56:23.012247 [info ] [MainThread]: adapter version: 1.12.0
[0m14:56:23.142873 [info ] [MainThread]: Configuration:
[0m14:56:23.143538 [info ] [MainThread]:   profiles.yml file [[32mOK found and valid[0m]
[0m14:56:23.144180 [info ] [MainThread]:   dbt_project.yml file [[32mOK found and valid[0m]
[0m14:56:23.144874 [info ] [MainThread]: Required dependencies:
[0m14:56:23.145616 [debug] [MainThread]: Executing "git --help"
[0m14:56:23.195846 [debug] [MainThread]: STDOUT: "b"usage: git [-v | --version] [-h | --help] [-C <path>] [-c <name>=<value>]\n           [--exec-path[=<path>]] [--html-path] [--man-path] [--info-path]\n           [-p | --paginate | -P | --no-pager] [--no-replace-objects] [--bare]\n           [--git-dir=<path>] [--work-tree=<path>] [--namespace=<name>]\n           [--config-env=<name>=<envvar>] <command> [<args>]\n\nThese are common Git commands used in various situations:\n\nstart a working area (see also: git help tutorial)\n   clone     Clone a repository into a new directory\n   init      Create an empty Git repository or reinitialize an existing one\n\nwork on the current change (see also: git help everyday)\n   add       Add file contents to the index\n   mv        Move or rename a file, a directory, or a symlink\n   restore   Restore working tree files\n   rm        Remove files from the working tree and from the index\n\nexamine the history and state (see also: git help revisions)\n   bisect    Use binary search to find the commit that introduced a bug\n   diff      Show changes between commits, commit and working tree, etc\n   grep      Print lines matching a pattern\n   log       Show commit logs\n   show      Show various types of objects\n   status    Show the working tree status\n\ngrow, mark and tweak your common history\n   branch    List, create, or delete branches\n   commit    Record changes to the repository\n   merge     Join two or more development histories together\n   rebase    Reapply commits on top of another base tip\n   reset     Reset current HEAD to the specified state\n   switch    Switch branches\n   tag       Create, list, delete or verify a tag object signed with GPG\n\ncollaborate (see also: git help workflows)\n   fetch     Download objects and refs from another repository\n   pull      Fetch from and integrate with another repository or a local branch\n   push      Update remote refs along with associated objects\n\n'git help -a' and 'git help -g' list available subcommands and some\nconcept guides. See 'git help <command>' or 'git help <concept>'\nto read about a specific subcommand or concept.\nSee 'git help git' for an overview of the system.\n""
[0m14:56:23.196502 [debug] [MainThread]: STDERR: "b''"
[0m14:56:23.197124 [info ] [MainThread]:  - git [[32mOK found[0m]

[0m14:56:23.197899 [info ] [MainThread]: Connection:
[0m14:56:23.198543 [info ] [MainThread]:   account: us-east-1.gzc98749.aws
[0m14:56:23.199176 [info ] [MainThread]:   user: dbt_user
[0m14:56:23.199937 [info ] [MainThread]:   database: northwind_db
[0m14:56:23.200597 [info ] [MainThread]:   warehouse: northwind_wh
[0m14:56:23.201426 [info ] [MainThread]:   role: ACCOUNTADMIN
[0m14:56:23.202226 [info ] [MainThread]:   schema: raw
[0m14:56:23.203060 [info ] [MainThread]:   authenticator: None
[0m14:56:23.203795 [info ] [MainThread]:   oauth_client_id: None
[0m14:56:23.208393 [info ] [MainThread]:   query_tag: None
[0m14:56:23.210951 [info ] [MainThread]:   client_session_keep_alive: False
[0m14:56:23.212579 [info ] [MainThread]:   host: None
[0m14:56:23.213960 [info ] [MainThread]:   port: None
[0m14:56:23.214827 [info ] [MainThread]:   proxy_host: None
[0m14:56:23.232783 [info ] [MainThread]:   proxy_port: None
[0m14:56:23.234726 [info ] [MainThread]:   protocol: None
[0m14:56:23.235979 [info ] [MainThread]:   connect_retries: 1
[0m14:56:23.238245 [info ] [MainThread]:   connect_timeout: None
[0m14:56:23.241724 [info ] [MainThread]:   retry_on_database_errors: False
[0m14:56:23.243617 [info ] [MainThread]:   retry_all: False
[0m14:56:23.244459 [info ] [MainThread]:   insecure_mode: False
[0m14:56:23.273099 [info ] [MainThread]:   reuse_connections: True
[0m14:56:23.273956 [info ] [MainThread]:   s3_stage_vpce_dns_name: None
[0m14:56:23.274636 [info ] [MainThread]:   workload_identity_provider: None
[0m14:56:23.275432 [info ] [MainThread]:   workload_identity_entra_resource: None
[0m14:56:23.276222 [info ] [MainThread]:   platform_detection_timeout_seconds: 0.0
[0m14:56:23.278014 [info ] [MainThread]: Registered adapter: snowflake=1.12.0
[0m14:56:23.861670 [debug] [MainThread]: Acquiring new snowflake connection 'debug'
[0m14:56:23.864869 [debug] [MainThread]: Using snowflake connection "debug"
[0m14:56:23.865254 [debug] [MainThread]: On debug: select 1 as id
[0m14:56:23.865587 [debug] [MainThread]: Opening a new connection, currently in state init
[0m14:56:40.988843 [debug] [MainThread]: Snowflake adapter: Error running SQL: select 1 as id
[0m14:56:40.989243 [debug] [MainThread]: Snowflake adapter: Rolling back transaction.
[0m14:56:40.989582 [info ] [MainThread]:   Connection test: [[31mERROR[0m]

[0m14:56:40.990064 [info ] [MainThread]: [31m1 check failed:[0m
[0m14:56:40.990693 [info ] [MainThread]: dbt was unable to connect to the specified database.
The database returned the following error:

  >Database Error
  250001: Could not connect to Snowflake backend after 2 attempt(s).Aborting
  Verify that the hostnames and port numbers in SYSTEM$ALLOWLIST are added to your firewall's allowed list.
  To further troubleshoot your connection you may reference the following article: https://docs.snowflake.com/en/user-guide/client-connectivity-troubleshooting/overview.

Check your database credentials and try again. For more information, visit:
https://docs.getdbt.com/docs/configure-your-profile


[0m14:56:40.991721 [debug] [MainThread]: Command `dbt debug` failed at 14:56:40.991591 after 22.90 seconds
[0m14:56:40.992102 [debug] [MainThread]: Connection 'debug' was left open.
[0m14:56:40.992445 [debug] [MainThread]: On debug: No close available on handle
[0m14:56:40.992820 [debug] [MainThread]: Sending event: {'category': 'dbt', 'action': 'invocation', 'label': 'end', 'context': [<snowplow_tracker.self_describing_json.SelfDescribingJson object at 0x00000205A220CFC0>, <snowplow_tracker.self_describing_json.SelfDescribingJson object at 0x00000205A1FF7AD0>, <snowplow_tracker.self_describing_json.SelfDescribingJson object at 0x00000205A1F8C9E0>]}
[0m14:56:40.993241 [debug] [MainThread]: Flushing usage events
[0m14:56:44.513380 [debug] [MainThread]: An error was encountered while trying to flush usage events
[0m15:09:06.861855 [debug] [MainThread]: Sending event: {'category': 'dbt', 'action': 'invocation', 'label': 'start', 'context': [<snowplow_tracker.self_describing_json.SelfDescribingJson object at 0x000002B99DA44590>, <snowplow_tracker.self_describing_json.SelfDescribingJson object at 0x000002B99AFACB90>, <snowplow_tracker.self_describing_json.SelfDescribingJson object at 0x000002B99FF5FB10>]}


============================== 15:09:06.870126 | 057d3b28-62b8-406a-b5ee-c1e26ed571f5 ==============================
[0m15:09:06.870126 [info ] [MainThread]: Running with dbt=1.12.0
[0m15:09:06.870897 [debug] [MainThread]: running dbt with arguments {'maximum_seed_size_mib': '1', 'no_print': 'None', 'static_parser': 'True', 'target_path': 'None', 'warn_error_options': 'WarnErrorOptionsV2(error=[], warn=[], silence=[])', 'version_check': 'True', 'printer_width': '80', 'write_json': 'True', 'introspect': 'True', 'log_cache_events': 'False', 'empty': 'None', 'cache_selected_only': 'False', 'log_format': 'default', 'debug': 'False', 'fail_fast': 'False', 'partial_parse': 'True', 'send_anonymous_usage_stats': 'True', 'quiet': 'False', 'warn_error': 'None', 'profiles_dir': 'C:\\Users\\hamad\\.dbt', 'use_colors': 'True', 'hints_enabled': 'True', 'indirect_selection': 'eager', 'use_experimental_parser': 'False', 'invocation_command': 'dbt debug', 'log_path': 'E:\\northwind project\\Northwind_Dimensional_Modeling\\logs'}
[0m15:09:06.905577 [info ] [MainThread]: dbt version: 1.12.0
[0m15:09:06.907221 [info ] [MainThread]: python version: 3.14.6
[0m15:09:06.908228 [info ] [MainThread]: python path: E:\northwind project\dbt-env\Scripts\python.exe
[0m15:09:06.908937 [info ] [MainThread]: os info: Windows-11-10.0.26200-SP0
[0m15:09:08.505748 [debug] [MainThread]: Snowflake adapter: Setting snowflake.connector to ERROR (file logging only)
[0m15:09:08.506978 [debug] [MainThread]: Snowflake adapter: Setting botocore to ERROR (file logging only)
[0m15:09:08.507964 [debug] [MainThread]: Snowflake adapter: Setting boto3 to ERROR (file logging only)
[0m15:09:12.535118 [debug] [MainThread]: Snowflake adapter: Replaced underscores (_) with hyphens (-) in Snowflake account name to form a valid account URL.
[0m15:09:12.541822 [info ] [MainThread]: Using profiles dir at C:\Users\hamad\.dbt
[0m15:09:12.542430 [info ] [MainThread]: Using profiles.yml file at C:\Users\hamad\.dbt\profiles.yml
[0m15:09:12.543054 [info ] [MainThread]: Using dbt_project.yml file at E:\northwind project\Northwind_Dimensional_Modeling\dbt_project.yml
[0m15:09:12.544663 [info ] [MainThread]: adapter type: snowflake
[0m15:09:12.545648 [info ] [MainThread]: adapter version: 1.12.0
[0m15:09:12.783280 [info ] [MainThread]: Configuration:
[0m15:09:12.784024 [info ] [MainThread]:   profiles.yml file [[32mOK found and valid[0m]
[0m15:09:12.784760 [info ] [MainThread]:   dbt_project.yml file [[32mOK found and valid[0m]
[0m15:09:12.785402 [info ] [MainThread]: Required dependencies:
[0m15:09:12.786019 [debug] [MainThread]: Executing "git --help"
[0m15:09:12.853167 [debug] [MainThread]: STDOUT: "b"usage: git [-v | --version] [-h | --help] [-C <path>] [-c <name>=<value>]\n           [--exec-path[=<path>]] [--html-path] [--man-path] [--info-path]\n           [-p | --paginate | -P | --no-pager] [--no-replace-objects] [--bare]\n           [--git-dir=<path>] [--work-tree=<path>] [--namespace=<name>]\n           [--config-env=<name>=<envvar>] <command> [<args>]\n\nThese are common Git commands used in various situations:\n\nstart a working area (see also: git help tutorial)\n   clone     Clone a repository into a new directory\n   init      Create an empty Git repository or reinitialize an existing one\n\nwork on the current change (see also: git help everyday)\n   add       Add file contents to the index\n   mv        Move or rename a file, a directory, or a symlink\n   restore   Restore working tree files\n   rm        Remove files from the working tree and from the index\n\nexamine the history and state (see also: git help revisions)\n   bisect    Use binary search to find the commit that introduced a bug\n   diff      Show changes between commits, commit and working tree, etc\n   grep      Print lines matching a pattern\n   log       Show commit logs\n   show      Show various types of objects\n   status    Show the working tree status\n\ngrow, mark and tweak your common history\n   branch    List, create, or delete branches\n   commit    Record changes to the repository\n   merge     Join two or more development histories together\n   rebase    Reapply commits on top of another base tip\n   reset     Reset current HEAD to the specified state\n   switch    Switch branches\n   tag       Create, list, delete or verify a tag object signed with GPG\n\ncollaborate (see also: git help workflows)\n   fetch     Download objects and refs from another repository\n   pull      Fetch from and integrate with another repository or a local branch\n   push      Update remote refs along with associated objects\n\n'git help -a' and 'git help -g' list available subcommands and some\nconcept guides. See 'git help <command>' or 'git help <concept>'\nto read about a specific subcommand or concept.\nSee 'git help git' for an overview of the system.\n""
[0m15:09:12.853758 [debug] [MainThread]: STDERR: "b''"
[0m15:09:12.854206 [info ] [MainThread]:  - git [[32mOK found[0m]

[0m15:09:12.854809 [info ] [MainThread]: Connection:
[0m15:09:12.855407 [info ] [MainThread]:   account: us-east-1.gzc98749.aws
[0m15:09:12.855862 [info ] [MainThread]:   user: dbt_user
[0m15:09:12.856306 [info ] [MainThread]:   database: northwind_db
[0m15:09:12.856789 [info ] [MainThread]:   warehouse: northwind_wh
[0m15:09:12.857327 [info ] [MainThread]:   role: ACCOUNTADMIN
[0m15:09:12.857805 [info ] [MainThread]:   schema: raw
[0m15:09:12.858346 [info ] [MainThread]:   authenticator: None
[0m15:09:12.858872 [info ] [MainThread]:   oauth_client_id: None
[0m15:09:12.859382 [info ] [MainThread]:   query_tag: None
[0m15:09:12.859873 [info ] [MainThread]:   client_session_keep_alive: False
[0m15:09:12.860374 [info ] [MainThread]:   host: None
[0m15:09:12.860889 [info ] [MainThread]:   port: None
[0m15:09:12.861343 [info ] [MainThread]:   proxy_host: None
[0m15:09:12.861800 [info ] [MainThread]:   proxy_port: None
[0m15:09:12.862307 [info ] [MainThread]:   protocol: None
[0m15:09:12.862792 [info ] [MainThread]:   connect_retries: 1
[0m15:09:12.863236 [info ] [MainThread]:   connect_timeout: None
[0m15:09:12.863694 [info ] [MainThread]:   retry_on_database_errors: False
[0m15:09:12.864161 [info ] [MainThread]:   retry_all: False
[0m15:09:12.864629 [info ] [MainThread]:   insecure_mode: False
[0m15:09:12.865137 [info ] [MainThread]:   reuse_connections: True
[0m15:09:12.865714 [info ] [MainThread]:   s3_stage_vpce_dns_name: None
[0m15:09:12.866668 [info ] [MainThread]:   workload_identity_provider: None
[0m15:09:12.867502 [info ] [MainThread]:   workload_identity_entra_resource: None
[0m15:09:12.868505 [info ] [MainThread]:   platform_detection_timeout_seconds: 0.0
[0m15:09:12.869497 [info ] [MainThread]: Registered adapter: snowflake=1.12.0
[0m15:09:13.499900 [debug] [MainThread]: Acquiring new snowflake connection 'debug'
[0m15:09:13.503706 [debug] [MainThread]: Using snowflake connection "debug"
[0m15:09:13.504168 [debug] [MainThread]: On debug: select 1 as id
[0m15:09:13.504589 [debug] [MainThread]: Opening a new connection, currently in state init
[0m15:09:18.304993 [debug] [MainThread]: Snowflake adapter: Error running SQL: select 1 as id
[0m15:09:18.305478 [debug] [MainThread]: Snowflake adapter: Rolling back transaction.
[0m15:09:18.305945 [info ] [MainThread]:   Connection test: [[31mERROR[0m]

[0m15:09:18.306513 [info ] [MainThread]: [31m1 check failed:[0m
[0m15:09:18.307109 [info ] [MainThread]: dbt was unable to connect to the specified database.
The database returned the following error:

  >Database Error
  250001: Could not connect to Snowflake backend after 2 attempt(s).Aborting
  Verify that the hostnames and port numbers in SYSTEM$ALLOWLIST are added to your firewall's allowed list.
  To further troubleshoot your connection you may reference the following article: https://docs.snowflake.com/en/user-guide/client-connectivity-troubleshooting/overview.

Check your database credentials and try again. For more information, visit:
https://docs.getdbt.com/docs/configure-your-profile


[0m15:09:18.308407 [debug] [MainThread]: Command `dbt debug` failed at 15:09:18.308228 after 11.78 seconds
[0m15:09:18.308899 [debug] [MainThread]: Connection 'debug' was left open.
[0m15:09:18.309315 [debug] [MainThread]: On debug: No close available on handle
[0m15:09:18.309747 [debug] [MainThread]: Sending event: {'category': 'dbt', 'action': 'invocation', 'label': 'end', 'context': [<snowplow_tracker.self_describing_json.SelfDescribingJson object at 0x000002B9A2FD8FC0>, <snowplow_tracker.self_describing_json.SelfDescribingJson object at 0x000002B9A1DF7AD0>, <snowplow_tracker.self_describing_json.SelfDescribingJson object at 0x000002B9A1D8C9E0>]}
[0m15:09:18.310238 [debug] [MainThread]: Flushing usage events
[0m15:09:19.090186 [debug] [MainThread]: An error was encountered while trying to flush usage events
[0m15:14:10.355112 [debug] [MainThread]: Sending event: {'category': 'dbt', 'action': 'invocation', 'label': 'start', 'context': [<snowplow_tracker.self_describing_json.SelfDescribingJson object at 0x00000146709C8590>, <snowplow_tracker.self_describing_json.SelfDescribingJson object at 0x000001466DF2CB90>, <snowplow_tracker.self_describing_json.SelfDescribingJson object at 0x0000014672EDFED0>]}


============================== 15:14:10.361920 | 7d55709d-ee39-4772-8d80-0baf4f16cb27 ==============================
[0m15:14:10.361920 [info ] [MainThread]: Running with dbt=1.12.0
[0m15:14:10.363162 [debug] [MainThread]: running dbt with arguments {'static_parser': 'True', 'no_print': 'None', 'maximum_seed_size_mib': '1', 'target_path': 'None', 'warn_error_options': 'WarnErrorOptionsV2(error=[], warn=[], silence=[])', 'version_check': 'True', 'printer_width': '80', 'write_json': 'True', 'introspect': 'True', 'log_cache_events': 'False', 'empty': 'None', 'cache_selected_only': 'False', 'fail_fast': 'False', 'debug': 'False', 'log_format': 'default', 'partial_parse': 'True', 'send_anonymous_usage_stats': 'True', 'quiet': 'False', 'warn_error': 'None', 'profiles_dir': 'C:\\Users\\hamad\\.dbt', 'use_colors': 'True', 'hints_enabled': 'True', 'indirect_selection': 'eager', 'use_experimental_parser': 'False', 'invocation_command': 'dbt debug', 'log_path': 'E:\\northwind project\\Northwind_Dimensional_Modeling\\logs'}
[0m15:14:10.397794 [info ] [MainThread]: dbt version: 1.12.0
[0m15:14:10.398228 [info ] [MainThread]: python version: 3.14.6
[0m15:14:10.398559 [info ] [MainThread]: python path: E:\northwind project\dbt-env\Scripts\python.exe
[0m15:14:10.399420 [info ] [MainThread]: os info: Windows-11-10.0.26200-SP0
[0m15:14:11.797203 [debug] [MainThread]: Snowflake adapter: Setting snowflake.connector to ERROR (file logging only)
[0m15:14:11.797760 [debug] [MainThread]: Snowflake adapter: Setting botocore to ERROR (file logging only)
[0m15:14:11.798174 [debug] [MainThread]: Snowflake adapter: Setting boto3 to ERROR (file logging only)
[0m15:14:13.137210 [info ] [MainThread]: Using profiles dir at C:\Users\hamad\.dbt
[0m15:14:13.138058 [info ] [MainThread]: Using profiles.yml file at C:\Users\hamad\.dbt\profiles.yml
[0m15:14:13.138681 [info ] [MainThread]: Using dbt_project.yml file at E:\northwind project\Northwind_Dimensional_Modeling\dbt_project.yml
[0m15:14:13.140139 [info ] [MainThread]: adapter type: snowflake
[0m15:14:13.140989 [info ] [MainThread]: adapter version: 1.12.0
[0m15:14:13.315999 [info ] [MainThread]: Configuration:
[0m15:14:13.317256 [info ] [MainThread]:   profiles.yml file [[32mOK found and valid[0m]
[0m15:14:13.318774 [info ] [MainThread]:   dbt_project.yml file [[32mOK found and valid[0m]
[0m15:14:13.319341 [info ] [MainThread]: Required dependencies:
[0m15:14:13.319868 [debug] [MainThread]: Executing "git --help"
[0m15:14:13.357488 [debug] [MainThread]: STDOUT: "b"usage: git [-v | --version] [-h | --help] [-C <path>] [-c <name>=<value>]\n           [--exec-path[=<path>]] [--html-path] [--man-path] [--info-path]\n           [-p | --paginate | -P | --no-pager] [--no-replace-objects] [--bare]\n           [--git-dir=<path>] [--work-tree=<path>] [--namespace=<name>]\n           [--config-env=<name>=<envvar>] <command> [<args>]\n\nThese are common Git commands used in various situations:\n\nstart a working area (see also: git help tutorial)\n   clone     Clone a repository into a new directory\n   init      Create an empty Git repository or reinitialize an existing one\n\nwork on the current change (see also: git help everyday)\n   add       Add file contents to the index\n   mv        Move or rename a file, a directory, or a symlink\n   restore   Restore working tree files\n   rm        Remove files from the working tree and from the index\n\nexamine the history and state (see also: git help revisions)\n   bisect    Use binary search to find the commit that introduced a bug\n   diff      Show changes between commits, commit and working tree, etc\n   grep      Print lines matching a pattern\n   log       Show commit logs\n   show      Show various types of objects\n   status    Show the working tree status\n\ngrow, mark and tweak your common history\n   branch    List, create, or delete branches\n   commit    Record changes to the repository\n   merge     Join two or more development histories together\n   rebase    Reapply commits on top of another base tip\n   reset     Reset current HEAD to the specified state\n   switch    Switch branches\n   tag       Create, list, delete or verify a tag object signed with GPG\n\ncollaborate (see also: git help workflows)\n   fetch     Download objects and refs from another repository\n   pull      Fetch from and integrate with another repository or a local branch\n   push      Update remote refs along with associated objects\n\n'git help -a' and 'git help -g' list available subcommands and some\nconcept guides. See 'git help <command>' or 'git help <concept>'\nto read about a specific subcommand or concept.\nSee 'git help git' for an overview of the system.\n""
[0m15:14:13.358706 [debug] [MainThread]: STDERR: "b''"
[0m15:14:13.359435 [info ] [MainThread]:  - git [[32mOK found[0m]

[0m15:14:13.360018 [info ] [MainThread]: Connection:
[0m15:14:13.360657 [info ] [MainThread]:   account: gzc98749.us-east-1.aws
[0m15:14:13.361237 [info ] [MainThread]:   user: dbt_user
[0m15:14:13.361830 [info ] [MainThread]:   database: northwind_db
[0m15:14:13.362367 [info ] [MainThread]:   warehouse: northwind_wh
[0m15:14:13.362840 [info ] [MainThread]:   role: ACCOUNTADMIN
[0m15:14:13.363313 [info ] [MainThread]:   schema: raw
[0m15:14:13.363797 [info ] [MainThread]:   authenticator: None
[0m15:14:13.364340 [info ] [MainThread]:   oauth_client_id: None
[0m15:14:13.364824 [info ] [MainThread]:   query_tag: None
[0m15:14:13.365300 [info ] [MainThread]:   client_session_keep_alive: False
[0m15:14:13.365784 [info ] [MainThread]:   host: None
[0m15:14:13.366558 [info ] [MainThread]:   port: None
[0m15:14:13.367223 [info ] [MainThread]:   proxy_host: None
[0m15:14:13.367805 [info ] [MainThread]:   proxy_port: None
[0m15:14:13.368341 [info ] [MainThread]:   protocol: None
[0m15:14:13.368814 [info ] [MainThread]:   connect_retries: 1
[0m15:14:13.369278 [info ] [MainThread]:   connect_timeout: None
[0m15:14:13.369761 [info ] [MainThread]:   retry_on_database_errors: False
[0m15:14:13.370233 [info ] [MainThread]:   retry_all: False
[0m15:14:13.370701 [info ] [MainThread]:   insecure_mode: False
[0m15:14:13.371168 [info ] [MainThread]:   reuse_connections: True
[0m15:14:13.371638 [info ] [MainThread]:   s3_stage_vpce_dns_name: None
[0m15:14:13.372125 [info ] [MainThread]:   workload_identity_provider: None
[0m15:14:13.372595 [info ] [MainThread]:   workload_identity_entra_resource: None
[0m15:14:13.373066 [info ] [MainThread]:   platform_detection_timeout_seconds: 0.0
[0m15:14:13.373784 [info ] [MainThread]: Registered adapter: snowflake=1.12.0
[0m15:14:13.976223 [debug] [MainThread]: Acquiring new snowflake connection 'debug'
[0m15:14:13.979375 [debug] [MainThread]: Using snowflake connection "debug"
[0m15:14:13.980012 [debug] [MainThread]: On debug: select 1 as id
[0m15:14:13.980598 [debug] [MainThread]: Opening a new connection, currently in state init
[0m15:14:17.448461 [debug] [MainThread]: Snowflake adapter: Error running SQL: select 1 as id
[0m15:14:17.449192 [debug] [MainThread]: Snowflake adapter: Rolling back transaction.
[0m15:14:17.449735 [info ] [MainThread]:   Connection test: [[31mERROR[0m]

[0m15:14:17.450439 [info ] [MainThread]: [31m1 check failed:[0m
[0m15:14:17.451120 [info ] [MainThread]: dbt was unable to connect to the specified database.
The database returned the following error:

  >Database Error
  250001: Could not connect to Snowflake backend after 2 attempt(s).Aborting
  Verify that the hostnames and port numbers in SYSTEM$ALLOWLIST are added to your firewall's allowed list.
  To further troubleshoot your connection you may reference the following article: https://docs.snowflake.com/en/user-guide/client-connectivity-troubleshooting/overview.

Check your database credentials and try again. For more information, visit:
https://docs.getdbt.com/docs/configure-your-profile


[0m15:14:17.452526 [debug] [MainThread]: Command `dbt debug` failed at 15:14:17.452321 after 7.47 seconds
[0m15:14:17.453053 [debug] [MainThread]: Connection 'debug' was left open.
[0m15:14:17.453554 [debug] [MainThread]: On debug: No close available on handle
[0m15:14:17.454061 [debug] [MainThread]: Sending event: {'category': 'dbt', 'action': 'invocation', 'label': 'end', 'context': [<snowplow_tracker.self_describing_json.SelfDescribingJson object at 0x0000014675F40FC0>, <snowplow_tracker.self_describing_json.SelfDescribingJson object at 0x0000014674D57BF0>, <snowplow_tracker.self_describing_json.SelfDescribingJson object at 0x0000014674CF48D0>]}
[0m15:14:17.454649 [debug] [MainThread]: Flushing usage events
[0m15:14:18.307287 [debug] [MainThread]: An error was encountered while trying to flush usage events
[0m15:14:19.936935 [debug] [MainThread]: Sending event: {'category': 'dbt', 'action': 'invocation', 'label': 'start', 'context': [<snowplow_tracker.self_describing_json.SelfDescribingJson object at 0x000001EA27DF8590>, <snowplow_tracker.self_describing_json.SelfDescribingJson object at 0x000001EA2535CB90>, <snowplow_tracker.self_describing_json.SelfDescribingJson object at 0x000001EA2A30FB10>]}


============================== 15:14:19.941803 | 53db8108-639d-46ed-a199-d48bd28447a9 ==============================
[0m15:14:19.941803 [info ] [MainThread]: Running with dbt=1.12.0
[0m15:14:19.942968 [debug] [MainThread]: running dbt with arguments {'maximum_seed_size_mib': '1', 'no_print': 'None', 'static_parser': 'True', 'warn_error_options': 'WarnErrorOptionsV2(error=[], warn=[], silence=[])', 'target_path': 'None', 'version_check': 'True', 'printer_width': '80', 'write_json': 'True', 'empty': 'None', 'log_cache_events': 'False', 'introspect': 'True', 'cache_selected_only': 'False', 'log_format': 'default', 'debug': 'False', 'fail_fast': 'False', 'partial_parse': 'True', 'send_anonymous_usage_stats': 'True', 'quiet': 'False', 'warn_error': 'None', 'profiles_dir': 'C:\\Users\\hamad\\.dbt', 'invocation_command': 'dbt debug', 'hints_enabled': 'True', 'use_colors': 'True', 'use_experimental_parser': 'False', 'indirect_selection': 'eager', 'log_path': 'E:\\northwind project\\Northwind_Dimensional_Modeling\\logs'}
[0m15:14:19.970073 [info ] [MainThread]: dbt version: 1.12.0
[0m15:14:19.970928 [info ] [MainThread]: python version: 3.14.6
[0m15:14:19.971570 [info ] [MainThread]: python path: E:\northwind project\dbt-env\Scripts\python.exe
[0m15:14:19.972190 [info ] [MainThread]: os info: Windows-11-10.0.26200-SP0
[0m15:14:20.548318 [debug] [MainThread]: Snowflake adapter: Setting snowflake.connector to ERROR (file logging only)
[0m15:14:20.548819 [debug] [MainThread]: Snowflake adapter: Setting botocore to ERROR (file logging only)
[0m15:14:20.549436 [debug] [MainThread]: Snowflake adapter: Setting boto3 to ERROR (file logging only)
[0m15:14:20.700188 [info ] [MainThread]: Using profiles dir at C:\Users\hamad\.dbt
[0m15:14:20.701003 [info ] [MainThread]: Using profiles.yml file at C:\Users\hamad\.dbt\profiles.yml
[0m15:14:20.701722 [info ] [MainThread]: Using dbt_project.yml file at E:\northwind project\Northwind_Dimensional_Modeling\dbt_project.yml
[0m15:14:20.703045 [info ] [MainThread]: adapter type: snowflake
[0m15:14:20.703572 [info ] [MainThread]: adapter version: 1.12.0
[0m15:14:20.834866 [info ] [MainThread]: Configuration:
[0m15:14:20.835678 [info ] [MainThread]:   profiles.yml file [[32mOK found and valid[0m]
[0m15:14:20.836282 [info ] [MainThread]:   dbt_project.yml file [[32mOK found and valid[0m]
[0m15:14:20.836840 [info ] [MainThread]: Required dependencies:
[0m15:14:20.837452 [debug] [MainThread]: Executing "git --help"
[0m15:14:20.886944 [debug] [MainThread]: STDOUT: "b"usage: git [-v | --version] [-h | --help] [-C <path>] [-c <name>=<value>]\n           [--exec-path[=<path>]] [--html-path] [--man-path] [--info-path]\n           [-p | --paginate | -P | --no-pager] [--no-replace-objects] [--bare]\n           [--git-dir=<path>] [--work-tree=<path>] [--namespace=<name>]\n           [--config-env=<name>=<envvar>] <command> [<args>]\n\nThese are common Git commands used in various situations:\n\nstart a working area (see also: git help tutorial)\n   clone     Clone a repository into a new directory\n   init      Create an empty Git repository or reinitialize an existing one\n\nwork on the current change (see also: git help everyday)\n   add       Add file contents to the index\n   mv        Move or rename a file, a directory, or a symlink\n   restore   Restore working tree files\n   rm        Remove files from the working tree and from the index\n\nexamine the history and state (see also: git help revisions)\n   bisect    Use binary search to find the commit that introduced a bug\n   diff      Show changes between commits, commit and working tree, etc\n   grep      Print lines matching a pattern\n   log       Show commit logs\n   show      Show various types of objects\n   status    Show the working tree status\n\ngrow, mark and tweak your common history\n   branch    List, create, or delete branches\n   commit    Record changes to the repository\n   merge     Join two or more development histories together\n   rebase    Reapply commits on top of another base tip\n   reset     Reset current HEAD to the specified state\n   switch    Switch branches\n   tag       Create, list, delete or verify a tag object signed with GPG\n\ncollaborate (see also: git help workflows)\n   fetch     Download objects and refs from another repository\n   pull      Fetch from and integrate with another repository or a local branch\n   push      Update remote refs along with associated objects\n\n'git help -a' and 'git help -g' list available subcommands and some\nconcept guides. See 'git help <command>' or 'git help <concept>'\nto read about a specific subcommand or concept.\nSee 'git help git' for an overview of the system.\n""
[0m15:14:20.887452 [debug] [MainThread]: STDERR: "b''"
[0m15:14:20.887880 [info ] [MainThread]:  - git [[32mOK found[0m]

[0m15:14:20.888452 [info ] [MainThread]: Connection:
[0m15:14:20.889073 [info ] [MainThread]:   account: gzc98749.us-east-1.aws
[0m15:14:20.889642 [info ] [MainThread]:   user: dbt_user
[0m15:14:20.890220 [info ] [MainThread]:   database: northwind_db
[0m15:14:20.890785 [info ] [MainThread]:   warehouse: northwind_wh
[0m15:14:20.891276 [info ] [MainThread]:   role: ACCOUNTADMIN
[0m15:14:20.891870 [info ] [MainThread]:   schema: raw
[0m15:14:20.892607 [info ] [MainThread]:   authenticator: None
[0m15:14:20.893221 [info ] [MainThread]:   oauth_client_id: None
[0m15:14:20.893931 [info ] [MainThread]:   query_tag: None
[0m15:14:20.894743 [info ] [MainThread]:   client_session_keep_alive: False
[0m15:14:20.895355 [info ] [MainThread]:   host: None
[0m15:14:20.896034 [info ] [MainThread]:   port: None
[0m15:14:20.896788 [info ] [MainThread]:   proxy_host: None
[0m15:14:20.897414 [info ] [MainThread]:   proxy_port: None
[0m15:14:20.898274 [info ] [MainThread]:   protocol: None
[0m15:14:20.899216 [info ] [MainThread]:   connect_retries: 1
[0m15:14:20.899852 [info ] [MainThread]:   connect_timeout: None
[0m15:14:20.900603 [info ] [MainThread]:   retry_on_database_errors: False
[0m15:14:20.901607 [info ] [MainThread]:   retry_all: False
[0m15:14:20.902322 [info ] [MainThread]:   insecure_mode: False
[0m15:14:20.903184 [info ] [MainThread]:   reuse_connections: True
[0m15:14:20.903974 [info ] [MainThread]:   s3_stage_vpce_dns_name: None
[0m15:14:20.904664 [info ] [MainThread]:   workload_identity_provider: None
[0m15:14:20.905404 [info ] [MainThread]:   workload_identity_entra_resource: None
[0m15:14:20.906419 [info ] [MainThread]:   platform_detection_timeout_seconds: 0.0
[0m15:14:20.907235 [info ] [MainThread]: Registered adapter: snowflake=1.12.0
[0m15:14:21.313956 [debug] [MainThread]: Acquiring new snowflake connection 'debug'
[0m15:14:21.317445 [debug] [MainThread]: Using snowflake connection "debug"
[0m15:14:21.317945 [debug] [MainThread]: On debug: select 1 as id
[0m15:14:21.318378 [debug] [MainThread]: Opening a new connection, currently in state init
[0m15:14:25.658068 [debug] [MainThread]: Snowflake adapter: Error running SQL: select 1 as id
[0m15:14:25.658498 [debug] [MainThread]: Snowflake adapter: Rolling back transaction.
[0m15:14:25.658860 [info ] [MainThread]:   Connection test: [[31mERROR[0m]

[0m15:14:25.659602 [info ] [MainThread]: [31m1 check failed:[0m
[0m15:14:25.660352 [info ] [MainThread]: dbt was unable to connect to the specified database.
The database returned the following error:

  >Database Error
  250001: Could not connect to Snowflake backend after 2 attempt(s).Aborting
  Verify that the hostnames and port numbers in SYSTEM$ALLOWLIST are added to your firewall's allowed list.
  To further troubleshoot your connection you may reference the following article: https://docs.snowflake.com/en/user-guide/client-connectivity-troubleshooting/overview.

Check your database credentials and try again. For more information, visit:
https://docs.getdbt.com/docs/configure-your-profile


[0m15:14:25.661646 [debug] [MainThread]: Command `dbt debug` failed at 15:14:25.661480 after 5.99 seconds
[0m15:14:25.662145 [debug] [MainThread]: Connection 'debug' was left open.
[0m15:14:25.662551 [debug] [MainThread]: On debug: No close available on handle
[0m15:14:25.663019 [debug] [MainThread]: Sending event: {'category': 'dbt', 'action': 'invocation', 'label': 'end', 'context': [<snowplow_tracker.self_describing_json.SelfDescribingJson object at 0x000001EA2C41CFC0>, <snowplow_tracker.self_describing_json.SelfDescribingJson object at 0x000001EA2C21BAD0>, <snowplow_tracker.self_describing_json.SelfDescribingJson object at 0x000001EA2C19C9E0>]}
[0m15:14:25.663456 [debug] [MainThread]: Flushing usage events
[0m15:14:26.300793 [debug] [MainThread]: An error was encountered while trying to flush usage events
[0m15:18:12.944204 [debug] [MainThread]: Sending event: {'category': 'dbt', 'action': 'invocation', 'label': 'start', 'context': [<snowplow_tracker.self_describing_json.SelfDescribingJson object at 0x0000020F05E5C590>, <snowplow_tracker.self_describing_json.SelfDescribingJson object at 0x0000020F033BCB90>, <snowplow_tracker.self_describing_json.SelfDescribingJson object at 0x0000020F0836FED0>]}


============================== 15:18:12.950307 | 652a1f29-37c1-4c2b-90bf-f47420e8ce28 ==============================
[0m15:18:12.950307 [info ] [MainThread]: Running with dbt=1.12.0
[0m15:18:12.951365 [debug] [MainThread]: running dbt with arguments {'version_check': 'True', 'no_print': 'None', 'maximum_seed_size_mib': '1', 'warn_error_options': 'WarnErrorOptionsV2(error=[], warn=[], silence=[])', 'static_parser': 'True', 'target_path': 'None', 'printer_width': '80', 'write_json': 'True', 'empty': 'None', 'log_cache_events': 'False', 'introspect': 'True', 'cache_selected_only': 'False', 'fail_fast': 'False', 'debug': 'False', 'log_format': 'default', 'profiles_dir': 'C:\\Users\\hamad\\.dbt', 'send_anonymous_usage_stats': 'True', 'quiet': 'False', 'warn_error': 'None', 'partial_parse': 'True', 'indirect_selection': 'eager', 'hints_enabled': 'True', 'use_colors': 'True', 'use_experimental_parser': 'False', 'invocation_command': 'dbt debug', 'log_path': 'E:\\northwind project\\Northwind_Dimensional_Modeling\\logs'}
[0m15:18:12.979261 [info ] [MainThread]: dbt version: 1.12.0
[0m15:18:12.979778 [info ] [MainThread]: python version: 3.14.6
[0m15:18:12.980187 [info ] [MainThread]: python path: E:\northwind project\dbt-env\Scripts\python.exe
[0m15:18:12.980571 [info ] [MainThread]: os info: Windows-11-10.0.26200-SP0
[0m15:18:13.639981 [debug] [MainThread]: Snowflake adapter: Setting snowflake.connector to ERROR (file logging only)
[0m15:18:13.640864 [debug] [MainThread]: Snowflake adapter: Setting botocore to ERROR (file logging only)
[0m15:18:13.642554 [debug] [MainThread]: Snowflake adapter: Setting boto3 to ERROR (file logging only)
[0m15:18:13.845127 [info ] [MainThread]: Using profiles dir at C:\Users\hamad\.dbt
[0m15:18:13.845590 [info ] [MainThread]: Using profiles.yml file at C:\Users\hamad\.dbt\profiles.yml
[0m15:18:13.846017 [info ] [MainThread]: Using dbt_project.yml file at E:\northwind project\Northwind_Dimensional_Modeling\dbt_project.yml
[0m15:18:13.847187 [info ] [MainThread]: adapter type: snowflake
[0m15:18:13.847585 [info ] [MainThread]: adapter version: 1.12.0
[0m15:18:13.997806 [info ] [MainThread]: Configuration:
[0m15:18:13.998343 [info ] [MainThread]:   profiles.yml file [[32mOK found and valid[0m]
[0m15:18:13.998958 [info ] [MainThread]:   dbt_project.yml file [[32mOK found and valid[0m]
[0m15:18:13.999597 [info ] [MainThread]: Required dependencies:
[0m15:18:14.000301 [debug] [MainThread]: Executing "git --help"
[0m15:18:14.032205 [debug] [MainThread]: STDOUT: "b"usage: git [-v | --version] [-h | --help] [-C <path>] [-c <name>=<value>]\n           [--exec-path[=<path>]] [--html-path] [--man-path] [--info-path]\n           [-p | --paginate | -P | --no-pager] [--no-replace-objects] [--bare]\n           [--git-dir=<path>] [--work-tree=<path>] [--namespace=<name>]\n           [--config-env=<name>=<envvar>] <command> [<args>]\n\nThese are common Git commands used in various situations:\n\nstart a working area (see also: git help tutorial)\n   clone     Clone a repository into a new directory\n   init      Create an empty Git repository or reinitialize an existing one\n\nwork on the current change (see also: git help everyday)\n   add       Add file contents to the index\n   mv        Move or rename a file, a directory, or a symlink\n   restore   Restore working tree files\n   rm        Remove files from the working tree and from the index\n\nexamine the history and state (see also: git help revisions)\n   bisect    Use binary search to find the commit that introduced a bug\n   diff      Show changes between commits, commit and working tree, etc\n   grep      Print lines matching a pattern\n   log       Show commit logs\n   show      Show various types of objects\n   status    Show the working tree status\n\ngrow, mark and tweak your common history\n   branch    List, create, or delete branches\n   commit    Record changes to the repository\n   merge     Join two or more development histories together\n   rebase    Reapply commits on top of another base tip\n   reset     Reset current HEAD to the specified state\n   switch    Switch branches\n   tag       Create, list, delete or verify a tag object signed with GPG\n\ncollaborate (see also: git help workflows)\n   fetch     Download objects and refs from another repository\n   pull      Fetch from and integrate with another repository or a local branch\n   push      Update remote refs along with associated objects\n\n'git help -a' and 'git help -g' list available subcommands and some\nconcept guides. See 'git help <command>' or 'git help <concept>'\nto read about a specific subcommand or concept.\nSee 'git help git' for an overview of the system.\n""
[0m15:18:14.033104 [debug] [MainThread]: STDERR: "b''"
[0m15:18:14.033828 [info ] [MainThread]:  - git [[32mOK found[0m]

[0m15:18:14.034518 [info ] [MainThread]: Connection:
[0m15:18:14.035284 [info ] [MainThread]:   account: gzc98749.us-east-1
[0m15:18:14.035873 [info ] [MainThread]:   user: dbt_user
[0m15:18:14.036355 [info ] [MainThread]:   database: northwind_db
[0m15:18:14.036817 [info ] [MainThread]:   warehouse: northwind_wh
[0m15:18:14.037233 [info ] [MainThread]:   role: ACCOUNTADMIN
[0m15:18:14.037635 [info ] [MainThread]:   schema: raw
[0m15:18:14.038038 [info ] [MainThread]:   authenticator: None
[0m15:18:14.038438 [info ] [MainThread]:   oauth_client_id: None
[0m15:18:14.038851 [info ] [MainThread]:   query_tag: None
[0m15:18:14.039246 [info ] [MainThread]:   client_session_keep_alive: False
[0m15:18:14.039601 [info ] [MainThread]:   host: None
[0m15:18:14.039953 [info ] [MainThread]:   port: None
[0m15:18:14.040409 [info ] [MainThread]:   proxy_host: None
[0m15:18:14.041173 [info ] [MainThread]:   proxy_port: None
[0m15:18:14.041657 [info ] [MainThread]:   protocol: None
[0m15:18:14.042216 [info ] [MainThread]:   connect_retries: 1
[0m15:18:14.042625 [info ] [MainThread]:   connect_timeout: None
[0m15:18:14.043088 [info ] [MainThread]:   retry_on_database_errors: False
[0m15:18:14.043412 [info ] [MainThread]:   retry_all: False
[0m15:18:14.043729 [info ] [MainThread]:   insecure_mode: False
[0m15:18:14.044045 [info ] [MainThread]:   reuse_connections: True
[0m15:18:14.044361 [info ] [MainThread]:   s3_stage_vpce_dns_name: None
[0m15:18:14.044689 [info ] [MainThread]:   workload_identity_provider: None
[0m15:18:14.045006 [info ] [MainThread]:   workload_identity_entra_resource: None
[0m15:18:14.045418 [info ] [MainThread]:   platform_detection_timeout_seconds: 0.0
[0m15:18:14.045915 [info ] [MainThread]: Registered adapter: snowflake=1.12.0
[0m15:18:14.462168 [debug] [MainThread]: Acquiring new snowflake connection 'debug'
[0m15:18:14.464898 [debug] [MainThread]: Using snowflake connection "debug"
[0m15:18:14.465392 [debug] [MainThread]: On debug: select 1 as id
[0m15:18:14.465797 [debug] [MainThread]: Opening a new connection, currently in state init
[0m15:18:19.434358 [debug] [MainThread]: SQL status: SUCCESS 1 in 4.967 seconds
[0m15:18:19.435805 [info ] [MainThread]:   Connection test: [[32mOK connection ok[0m]

[0m15:18:19.436364 [info ] [MainThread]: [32mAll checks passed![0m
[0m15:18:19.437603 [debug] [MainThread]: Command `dbt debug` succeeded at 15:18:19.437444 after 6.86 seconds
[0m15:18:19.438130 [debug] [MainThread]: Connection 'debug' was left open.
[0m15:18:19.438569 [debug] [MainThread]: On debug: Close
[0m15:18:19.839266 [debug] [MainThread]: Sending event: {'category': 'dbt', 'action': 'invocation', 'label': 'end', 'context': [<snowplow_tracker.self_describing_json.SelfDescribingJson object at 0x0000020F09E42520>, <snowplow_tracker.self_describing_json.SelfDescribingJson object at 0x0000020F0A2C67B0>, <snowplow_tracker.self_describing_json.SelfDescribingJson object at 0x0000020F0A266250>]}
[0m15:18:19.839910 [debug] [MainThread]: Flushing usage events
[0m15:18:20.601145 [debug] [MainThread]: An error was encountered while trying to flush usage events
[0m15:20:10.735176 [debug] [MainThread]: Sending event: {'category': 'dbt', 'action': 'invocation', 'label': 'start', 'context': [<snowplow_tracker.self_describing_json.SelfDescribingJson object at 0x000001D94E730590>, <snowplow_tracker.self_describing_json.SelfDescribingJson object at 0x000001D94BC9CB90>, <snowplow_tracker.self_describing_json.SelfDescribingJson object at 0x000001D950C4FB10>]}


============================== 15:20:10.740409 | d00939d9-7526-4bd2-8370-8dd132a1dca7 ==============================
[0m15:20:10.740409 [info ] [MainThread]: Running with dbt=1.12.0
[0m15:20:10.741284 [debug] [MainThread]: running dbt with arguments {'static_parser': 'True', 'no_print': 'None', 'version_check': 'True', 'target_path': 'None', 'maximum_seed_size_mib': '1', 'warn_error_options': 'WarnErrorOptionsV2(error=[], warn=[], silence=[])', 'printer_width': '80', 'write_json': 'True', 'introspect': 'True', 'log_cache_events': 'False', 'empty': 'None', 'cache_selected_only': 'False', 'log_format': 'default', 'debug': 'False', 'fail_fast': 'False', 'profiles_dir': 'C:\\Users\\hamad\\.dbt', 'send_anonymous_usage_stats': 'True', 'quiet': 'False', 'warn_error': 'None', 'partial_parse': 'True', 'use_colors': 'True', 'hints_enabled': 'True', 'invocation_command': 'dbt debug', 'use_experimental_parser': 'False', 'indirect_selection': 'eager', 'log_path': 'E:\\northwind project\\Northwind_Dimensional_Modeling\\logs'}
[0m15:20:10.771919 [info ] [MainThread]: dbt version: 1.12.0
[0m15:20:10.772647 [info ] [MainThread]: python version: 3.14.6
[0m15:20:10.773208 [info ] [MainThread]: python path: E:\northwind project\dbt-env\Scripts\python.exe
[0m15:20:10.773730 [info ] [MainThread]: os info: Windows-11-10.0.26200-SP0
[0m15:20:11.279257 [debug] [MainThread]: Snowflake adapter: Setting snowflake.connector to ERROR (file logging only)
[0m15:20:11.279760 [debug] [MainThread]: Snowflake adapter: Setting botocore to ERROR (file logging only)
[0m15:20:11.280560 [debug] [MainThread]: Snowflake adapter: Setting boto3 to ERROR (file logging only)
[0m15:20:11.457171 [info ] [MainThread]: Using profiles dir at C:\Users\hamad\.dbt
[0m15:20:11.457910 [info ] [MainThread]: Using profiles.yml file at C:\Users\hamad\.dbt\profiles.yml
[0m15:20:11.458583 [info ] [MainThread]: Using dbt_project.yml file at E:\northwind project\Northwind_Dimensional_Modeling\dbt_project.yml
[0m15:20:11.460027 [info ] [MainThread]: adapter type: snowflake
[0m15:20:11.461190 [info ] [MainThread]: adapter version: 1.12.0
[0m15:20:11.589925 [info ] [MainThread]: Configuration:
[0m15:20:11.590761 [info ] [MainThread]:   profiles.yml file [[32mOK found and valid[0m]
[0m15:20:11.591571 [info ] [MainThread]:   dbt_project.yml file [[32mOK found and valid[0m]
[0m15:20:11.592239 [info ] [MainThread]: Required dependencies:
[0m15:20:11.593007 [debug] [MainThread]: Executing "git --help"
[0m15:20:11.645818 [debug] [MainThread]: STDOUT: "b"usage: git [-v | --version] [-h | --help] [-C <path>] [-c <name>=<value>]\n           [--exec-path[=<path>]] [--html-path] [--man-path] [--info-path]\n           [-p | --paginate | -P | --no-pager] [--no-replace-objects] [--bare]\n           [--git-dir=<path>] [--work-tree=<path>] [--namespace=<name>]\n           [--config-env=<name>=<envvar>] <command> [<args>]\n\nThese are common Git commands used in various situations:\n\nstart a working area (see also: git help tutorial)\n   clone     Clone a repository into a new directory\n   init      Create an empty Git repository or reinitialize an existing one\n\nwork on the current change (see also: git help everyday)\n   add       Add file contents to the index\n   mv        Move or rename a file, a directory, or a symlink\n   restore   Restore working tree files\n   rm        Remove files from the working tree and from the index\n\nexamine the history and state (see also: git help revisions)\n   bisect    Use binary search to find the commit that introduced a bug\n   diff      Show changes between commits, commit and working tree, etc\n   grep      Print lines matching a pattern\n   log       Show commit logs\n   show      Show various types of objects\n   status    Show the working tree status\n\ngrow, mark and tweak your common history\n   branch    List, create, or delete branches\n   commit    Record changes to the repository\n   merge     Join two or more development histories together\n   rebase    Reapply commits on top of another base tip\n   reset     Reset current HEAD to the specified state\n   switch    Switch branches\n   tag       Create, list, delete or verify a tag object signed with GPG\n\ncollaborate (see also: git help workflows)\n   fetch     Download objects and refs from another repository\n   pull      Fetch from and integrate with another repository or a local branch\n   push      Update remote refs along with associated objects\n\n'git help -a' and 'git help -g' list available subcommands and some\nconcept guides. See 'git help <command>' or 'git help <concept>'\nto read about a specific subcommand or concept.\nSee 'git help git' for an overview of the system.\n""
[0m15:20:11.646351 [debug] [MainThread]: STDERR: "b''"
[0m15:20:11.646832 [info ] [MainThread]:  - git [[32mOK found[0m]

[0m15:20:11.647433 [info ] [MainThread]: Connection:
[0m15:20:11.648118 [info ] [MainThread]:   account: gzc98749.us-east-1
[0m15:20:11.648730 [info ] [MainThread]:   user: dbt_user
[0m15:20:11.649322 [info ] [MainThread]:   database: northwind_db
[0m15:20:11.649878 [info ] [MainThread]:   warehouse: northwind_wh
[0m15:20:11.650420 [info ] [MainThread]:   role: ACCOUNTADMIN
[0m15:20:11.651017 [info ] [MainThread]:   schema: raw
[0m15:20:11.651938 [info ] [MainThread]:   authenticator: None
[0m15:20:11.652770 [info ] [MainThread]:   oauth_client_id: None
[0m15:20:11.653910 [info ] [MainThread]:   query_tag: None
[0m15:20:11.654852 [info ] [MainThread]:   client_session_keep_alive: False
[0m15:20:11.655658 [info ] [MainThread]:   host: None
[0m15:20:11.656435 [info ] [MainThread]:   port: None
[0m15:20:11.657327 [info ] [MainThread]:   proxy_host: None
[0m15:20:11.658183 [info ] [MainThread]:   proxy_port: None
[0m15:20:11.658956 [info ] [MainThread]:   protocol: None
[0m15:20:11.659573 [info ] [MainThread]:   connect_retries: 1
[0m15:20:11.660393 [info ] [MainThread]:   connect_timeout: None
[0m15:20:11.661262 [info ] [MainThread]:   retry_on_database_errors: False
[0m15:20:11.662068 [info ] [MainThread]:   retry_all: False
[0m15:20:11.663066 [info ] [MainThread]:   insecure_mode: False
[0m15:20:11.664066 [info ] [MainThread]:   reuse_connections: True
[0m15:20:11.664968 [info ] [MainThread]:   s3_stage_vpce_dns_name: None
[0m15:20:11.665896 [info ] [MainThread]:   workload_identity_provider: None
[0m15:20:11.666611 [info ] [MainThread]:   workload_identity_entra_resource: None
[0m15:20:11.667203 [info ] [MainThread]:   platform_detection_timeout_seconds: 0.0
[0m15:20:11.667987 [info ] [MainThread]: Registered adapter: snowflake=1.12.0
[0m15:20:12.028007 [debug] [MainThread]: Acquiring new snowflake connection 'debug'
[0m15:20:12.031629 [debug] [MainThread]: Using snowflake connection "debug"
[0m15:20:12.032054 [debug] [MainThread]: On debug: select 1 as id
[0m15:20:12.032449 [debug] [MainThread]: Opening a new connection, currently in state init
[0m15:20:13.981726 [debug] [MainThread]: SQL status: SUCCESS 1 in 1.949 seconds
[0m15:20:13.983619 [info ] [MainThread]:   Connection test: [[32mOK connection ok[0m]

[0m15:20:13.984592 [info ] [MainThread]: [32mAll checks passed![0m
[0m15:20:13.986242 [debug] [MainThread]: Command `dbt debug` succeeded at 15:20:13.985997 after 3.47 seconds
[0m15:20:13.986963 [debug] [MainThread]: Connection 'debug' was left open.
[0m15:20:13.987634 [debug] [MainThread]: On debug: Close
[0m15:20:14.410859 [debug] [MainThread]: Sending event: {'category': 'dbt', 'action': 'invocation', 'label': 'end', 'context': [<snowplow_tracker.self_describing_json.SelfDescribingJson object at 0x000001D95265E520>, <snowplow_tracker.self_describing_json.SelfDescribingJson object at 0x000001D94B9F85F0>, <snowplow_tracker.self_describing_json.SelfDescribingJson object at 0x000001D952A7E360>]}
[0m15:20:14.411748 [debug] [MainThread]: Flushing usage events
[0m15:20:15.295837 [debug] [MainThread]: An error was encountered while trying to flush usage events
