[0m00:56:10.983599 [debug] [MainThread]: Sending event: {'category': 'dbt', 'action': 'invocation', 'label': 'start', 'context': [<snowplow_tracker.self_describing_json.SelfDescribingJson object at 0x000001EFD4458590>, <snowplow_tracker.self_describing_json.SelfDescribingJson object at 0x000001EFD19BCB90>, <snowplow_tracker.self_describing_json.SelfDescribingJson object at 0x000001EFD696FB10>]}


============================== 00:56:10.988935 | ca650065-6d38-48c5-8d37-56edc96e0e1b ==============================
[0m00:56:10.988935 [info ] [MainThread]: Running with dbt=1.12.0
[0m00:56:10.989697 [debug] [MainThread]: running dbt with arguments {'static_parser': 'True', 'no_print': 'None', 'maximum_seed_size_mib': '1', 'warn_error_options': 'WarnErrorOptionsV2(error=[], warn=[], silence=[])', 'target_path': 'None', 'version_check': 'True', 'printer_width': '80', 'write_json': 'True', 'introspect': 'True', 'log_cache_events': 'False', 'empty': 'None', 'cache_selected_only': 'False', 'log_format': 'default', 'debug': 'False', 'fail_fast': 'False', 'partial_parse': 'True', 'send_anonymous_usage_stats': 'True', 'quiet': 'False', 'warn_error': 'None', 'profiles_dir': 'C:\\Users\\hamad\\.dbt', 'invocation_command': 'dbt init Northwind-Dimensional-Modeling', 'hints_enabled': 'True', 'use_colors': 'True', 'use_experimental_parser': 'False', 'indirect_selection': 'eager', 'log_path': 'logs'}
[0m00:56:24.559836 [debug] [MainThread]: Starter project path: E:\northwind project\dbt-env\Lib\site-packages\dbt\include\starter_project
[0m00:56:24.589157 [info ] [MainThread]: Setting up your profile.
[0m00:56:29.499672 [debug] [MainThread]: Snowflake adapter: Setting snowflake.connector to ERROR (file logging only)
[0m00:56:29.500136 [debug] [MainThread]: Snowflake adapter: Setting botocore to ERROR (file logging only)
[0m00:56:29.500481 [debug] [MainThread]: Snowflake adapter: Setting boto3 to ERROR (file logging only)
[0m01:03:39.914865 [info ] [MainThread]: Profile Northwind_Dimensional_Modeling written to C:\Users\hamad\.dbt\profiles.yml using target's profile_template.yml and your supplied values.
[0m01:03:39.918962 [info ] [MainThread]: Running dbt debug to validate the project...
[0m01:03:39.920142 [info ] [MainThread]: dbt version: 1.12.0
[0m01:03:39.921018 [info ] [MainThread]: python version: 3.14.6
[0m01:03:39.921854 [info ] [MainThread]: python path: E:\northwind project\dbt-env\Scripts\python.exe
[0m01:03:39.922496 [info ] [MainThread]: os info: Windows-11-10.0.26200-SP0
[0m01:03:39.994297 [debug] [MainThread]: Snowflake adapter: Replaced underscores (_) with hyphens (-) in Snowflake account name to form a valid account URL.
[0m01:03:40.000791 [info ] [MainThread]: Using profiles dir at C:\Users\hamad\.dbt
[0m01:03:40.001344 [info ] [MainThread]: Using profiles.yml file at C:\Users\hamad\.dbt\profiles.yml
[0m01:03:40.001769 [info ] [MainThread]: Using dbt_project.yml file at E:\northwind project\Northwind_Dimensional_Modeling\dbt_project.yml
[0m01:03:40.003147 [info ] [MainThread]: adapter type: snowflake
[0m01:03:40.003687 [info ] [MainThread]: adapter version: 1.12.0
[0m01:03:40.116667 [info ] [MainThread]: Configuration:
[0m01:03:40.117178 [info ] [MainThread]:   profiles.yml file [[32mOK found and valid[0m]
[0m01:03:40.117607 [info ] [MainThread]:   dbt_project.yml file [[32mOK found and valid[0m]
[0m01:03:40.118002 [info ] [MainThread]: Required dependencies:
[0m01:03:40.118416 [debug] [MainThread]: Executing "git --help"
[0m01:03:40.175902 [debug] [MainThread]: STDOUT: "b"usage: git [-v | --version] [-h | --help] [-C <path>] [-c <name>=<value>]\n           [--exec-path[=<path>]] [--html-path] [--man-path] [--info-path]\n           [-p | --paginate | -P | --no-pager] [--no-replace-objects] [--bare]\n           [--git-dir=<path>] [--work-tree=<path>] [--namespace=<name>]\n           [--config-env=<name>=<envvar>] <command> [<args>]\n\nThese are common Git commands used in various situations:\n\nstart a working area (see also: git help tutorial)\n   clone     Clone a repository into a new directory\n   init      Create an empty Git repository or reinitialize an existing one\n\nwork on the current change (see also: git help everyday)\n   add       Add file contents to the index\n   mv        Move or rename a file, a directory, or a symlink\n   restore   Restore working tree files\n   rm        Remove files from the working tree and from the index\n\nexamine the history and state (see also: git help revisions)\n   bisect    Use binary search to find the commit that introduced a bug\n   diff      Show changes between commits, commit and working tree, etc\n   grep      Print lines matching a pattern\n   log       Show commit logs\n   show      Show various types of objects\n   status    Show the working tree status\n\ngrow, mark and tweak your common history\n   branch    List, create, or delete branches\n   commit    Record changes to the repository\n   merge     Join two or more development histories together\n   rebase    Reapply commits on top of another base tip\n   reset     Reset current HEAD to the specified state\n   switch    Switch branches\n   tag       Create, list, delete or verify a tag object signed with GPG\n\ncollaborate (see also: git help workflows)\n   fetch     Download objects and refs from another repository\n   pull      Fetch from and integrate with another repository or a local branch\n   push      Update remote refs along with associated objects\n\n'git help -a' and 'git help -g' list available subcommands and some\nconcept guides. See 'git help <command>' or 'git help <concept>'\nto read about a specific subcommand or concept.\nSee 'git help git' for an overview of the system.\n""
[0m01:03:40.176439 [debug] [MainThread]: STDERR: "b''"
[0m01:03:40.176828 [info ] [MainThread]:  - git [[32mOK found[0m]

[0m01:03:40.177200 [info ] [MainThread]: Connection:
[0m01:03:40.177570 [info ] [MainThread]:   account: us-east-1.gzc98749.aws
[0m01:03:40.177905 [info ] [MainThread]:   user: dbt_user
[0m01:03:40.178237 [info ] [MainThread]:   database: northwind_db
[0m01:03:40.178893 [info ] [MainThread]:   warehouse: northwind_wh
[0m01:03:40.179492 [info ] [MainThread]:   role: ACCOUNTADMIN
[0m01:03:40.179883 [info ] [MainThread]:   schema: raw
[0m01:03:40.180319 [info ] [MainThread]:   authenticator: None
[0m01:03:40.180713 [info ] [MainThread]:   oauth_client_id: None
[0m01:03:40.181122 [info ] [MainThread]:   query_tag: None
[0m01:03:40.181529 [info ] [MainThread]:   client_session_keep_alive: False
[0m01:03:40.181959 [info ] [MainThread]:   host: None
[0m01:03:40.182397 [info ] [MainThread]:   port: None
[0m01:03:40.182796 [info ] [MainThread]:   proxy_host: None
[0m01:03:40.183250 [info ] [MainThread]:   proxy_port: None
[0m01:03:40.183738 [info ] [MainThread]:   protocol: None
[0m01:03:40.184116 [info ] [MainThread]:   connect_retries: 1
[0m01:03:40.184536 [info ] [MainThread]:   connect_timeout: None
[0m01:03:40.184901 [info ] [MainThread]:   retry_on_database_errors: False
[0m01:03:40.185265 [info ] [MainThread]:   retry_all: False
[0m01:03:40.185617 [info ] [MainThread]:   insecure_mode: False
[0m01:03:40.185969 [info ] [MainThread]:   reuse_connections: True
[0m01:03:40.186321 [info ] [MainThread]:   s3_stage_vpce_dns_name: None
[0m01:03:40.186695 [info ] [MainThread]:   workload_identity_provider: None
[0m01:03:40.187134 [info ] [MainThread]:   workload_identity_entra_resource: None
[0m01:03:40.187570 [info ] [MainThread]:   platform_detection_timeout_seconds: 0.0
[0m01:03:40.188213 [info ] [MainThread]: Registered adapter: snowflake=1.12.0
[0m01:03:40.543478 [debug] [MainThread]: Acquiring new snowflake connection 'debug'
[0m01:03:40.546099 [debug] [MainThread]: Using snowflake connection "debug"
[0m01:03:40.546443 [debug] [MainThread]: On debug: select 1 as id
[0m01:03:40.546741 [debug] [MainThread]: Opening a new connection, currently in state init
[0m01:03:44.093150 [debug] [MainThread]: Snowflake adapter: Error running SQL: select 1 as id
[0m01:03:44.093607 [debug] [MainThread]: Snowflake adapter: Rolling back transaction.
[0m01:03:44.094042 [info ] [MainThread]:   Connection test: [[31mERROR[0m]

[0m01:03:44.094525 [info ] [MainThread]: [31m1 check failed:[0m
[0m01:03:44.094943 [info ] [MainThread]: dbt was unable to connect to the specified database.
The database returned the following error:

  >Database Error
  250001: Could not connect to Snowflake backend after 2 attempt(s).Aborting
  Verify that the hostnames and port numbers in SYSTEM$ALLOWLIST are added to your firewall's allowed list.
  To further troubleshoot your connection you may reference the following article: https://docs.snowflake.com/en/user-guide/client-connectivity-troubleshooting/overview.

Check your database credentials and try again. For more information, visit:
https://docs.getdbt.com/docs/configure-your-profile


[0m01:03:44.095415 [info ] [MainThread]: Your new dbt project "Northwind_Dimensional_Modeling" was created!
Initialized new project in E:\northwind project\Northwind_Dimensional_Modeling\Northwind_Dimensional_Modeling

For more information on how to configure the profiles.yml file,
please consult the dbt documentation here:

  https://docs.getdbt.com/docs/configure-your-profile

One more thing:

Need help? Don't hesitate to reach out to us via GitHub issues or on Slack:

  https://community.getdbt.com/

Happy modeling!

[0m01:03:44.095855 [info ] [MainThread]: [31mYour profile may need adjustments. You can find the logs of `dbt debug` above[0m
[0m01:03:44.096846 [debug] [MainThread]: Command `dbt init` succeeded at 01:03:44.096714 after 453.26 seconds
[0m01:03:44.097201 [debug] [MainThread]: Connection 'debug' was left open.
[0m01:03:44.097533 [debug] [MainThread]: On debug: No close available on handle
[0m01:03:44.097910 [debug] [MainThread]: Sending event: {'category': 'dbt', 'action': 'invocation', 'label': 'end', 'context': [<snowplow_tracker.self_describing_json.SelfDescribingJson object at 0x000001EFD836BCE0>, <snowplow_tracker.self_describing_json.SelfDescribingJson object at 0x000001EFD87EAB10>, <snowplow_tracker.self_describing_json.SelfDescribingJson object at 0x000001EFD8765F20>]}
[0m01:03:44.098324 [debug] [MainThread]: Flushing usage events
[0m01:03:45.214169 [debug] [MainThread]: An error was encountered while trying to flush usage events
[0m01:04:06.859385 [debug] [MainThread]: Sending event: {'category': 'dbt', 'action': 'invocation', 'label': 'start', 'context': [<snowplow_tracker.self_describing_json.SelfDescribingJson object at 0x0000017C5B914590>, <snowplow_tracker.self_describing_json.SelfDescribingJson object at 0x0000017C58E8CB90>, <snowplow_tracker.self_describing_json.SelfDescribingJson object at 0x0000017C5DE2FB10>]}


============================== 01:04:06.864160 | 30dc1103-c0a7-414b-a539-cccf72aa5870 ==============================
[0m01:04:06.864160 [info ] [MainThread]: Running with dbt=1.12.0
[0m01:04:06.864744 [debug] [MainThread]: running dbt with arguments {'static_parser': 'True', 'no_print': 'None', 'version_check': 'True', 'warn_error_options': 'WarnErrorOptionsV2(error=[], warn=[], silence=[])', 'target_path': 'None', 'maximum_seed_size_mib': '1', 'printer_width': '80', 'write_json': 'True', 'empty': 'None', 'log_cache_events': 'False', 'introspect': 'True', 'cache_selected_only': 'False', 'log_format': 'default', 'debug': 'False', 'fail_fast': 'False', 'profiles_dir': 'C:\\Users\\hamad\\.dbt', 'send_anonymous_usage_stats': 'True', 'quiet': 'False', 'warn_error': 'None', 'partial_parse': 'True', 'use_colors': 'True', 'hints_enabled': 'True', 'invocation_command': 'dbt debug', 'use_experimental_parser': 'False', 'indirect_selection': 'eager', 'log_path': 'logs'}
[0m01:04:06.887175 [info ] [MainThread]: dbt version: 1.12.0
[0m01:04:06.887642 [info ] [MainThread]: python version: 3.14.6
[0m01:04:06.888010 [info ] [MainThread]: python path: E:\northwind project\dbt-env\Scripts\python.exe
[0m01:04:06.888368 [info ] [MainThread]: os info: Windows-11-10.0.26200-SP0
[0m01:04:07.375720 [debug] [MainThread]: Snowflake adapter: Setting snowflake.connector to ERROR (file logging only)
[0m01:04:07.376201 [debug] [MainThread]: Snowflake adapter: Setting botocore to ERROR (file logging only)
[0m01:04:07.376757 [debug] [MainThread]: Snowflake adapter: Setting boto3 to ERROR (file logging only)
[0m01:04:07.507590 [debug] [MainThread]: Snowflake adapter: Replaced underscores (_) with hyphens (-) in Snowflake account name to form a valid account URL.
[0m01:04:07.515434 [info ] [MainThread]: Using profiles dir at C:\Users\hamad\.dbt
[0m01:04:07.515983 [info ] [MainThread]: Using profiles.yml file at C:\Users\hamad\.dbt\profiles.yml
[0m01:04:07.516420 [info ] [MainThread]: Using dbt_project.yml file at E:\northwind project\dbt_project.yml
[0m01:04:07.516880 [error] [MainThread]: [[31mERROR[0m]: Encountered an error:
Internal Error
  Profile should not be None if loading profile completed
[0m01:04:07.517772 [debug] [MainThread]: Command `dbt debug` failed at 01:04:07.517662 after 0.91 seconds
[0m01:04:07.518118 [debug] [MainThread]: Sending event: {'category': 'dbt', 'action': 'invocation', 'label': 'end', 'context': [<snowplow_tracker.self_describing_json.SelfDescribingJson object at 0x0000017C5F86D480>, <snowplow_tracker.self_describing_json.SelfDescribingJson object at 0x0000017C5FB1B2F0>, <snowplow_tracker.self_describing_json.SelfDescribingJson object at 0x0000017C5FA91F20>]}
[0m01:04:07.518502 [debug] [MainThread]: Flushing usage events
[0m01:04:08.290840 [debug] [MainThread]: An error was encountered while trying to flush usage events
